Using pre-set license
Built from '2022.3/release' branch; Version is '2022.3.48f1 (8bf49c377ebf) revision 9172124'; Using compiler version '192829333'; Build Type 'Release'
OS: 'Windows 11  (10.0.26100) 64bit Core' Language: 'ja' Physical Memory: 65442 MB
BatchMode: 1, IsHumanControllingUs: 0, StartBugReporterOnCrash: 0, Is64bit: 1, IsPro: 1

COMMAND LINE ARGUMENTS:
C:\Program Files\Unity\Hub\Editor\2022.3.48f1\Editor\Unity.exe
-adb2
-batchMode
-noUpm
-name
AssetImportWorker2
-projectPath
C:/Users/r34su/Desktop/UnityProjects/ChainOfSteel
-logFile
Logs/AssetImportWorker2.log
-srvPort
59623
Successfully changed project path to: C:/Users/r34su/Desktop/UnityProjects/ChainOfSteel
C:/Users/r34su/Desktop/UnityProjects/ChainOfSteel
[UnityMemory] Configuration Parameters - Can be set up in boot.config
    "memorysetup-bucket-allocator-granularity=16"
    "memorysetup-bucket-allocator-bucket-count=8"
    "memorysetup-bucket-allocator-block-size=33554432"
    "memorysetup-bucket-allocator-block-count=8"
    "memorysetup-main-allocator-block-size=16777216"
    "memorysetup-thread-allocator-block-size=16777216"
    "memorysetup-gfx-main-allocator-block-size=16777216"
    "memorysetup-gfx-thread-allocator-block-size=16777216"
    "memorysetup-cache-allocator-block-size=4194304"
    "memorysetup-typetree-allocator-block-size=2097152"
    "memorysetup-profiler-bucket-allocator-granularity=16"
    "memorysetup-profiler-bucket-allocator-bucket-count=8"
    "memorysetup-profiler-bucket-allocator-block-size=33554432"
    "memorysetup-profiler-bucket-allocator-block-count=8"
    "memorysetup-profiler-allocator-block-size=16777216"
    "memorysetup-profiler-editor-allocator-block-size=1048576"
    "memorysetup-temp-allocator-size-main=16777216"
    "memorysetup-job-temp-allocator-block-size=2097152"
    "memorysetup-job-temp-allocator-block-size-background=1048576"
    "memorysetup-job-temp-allocator-reduction-small-platforms=262144"
    "memorysetup-allocator-temp-initial-block-size-main=262144"
    "memorysetup-allocator-temp-initial-block-size-worker=262144"
    "memorysetup-temp-allocator-size-background-worker=32768"
    "memorysetup-temp-allocator-size-job-worker=262144"
    "memorysetup-temp-allocator-size-preload-manager=33554432"
    "memorysetup-temp-allocator-size-nav-mesh-worker=65536"
    "memorysetup-temp-allocator-size-audio-worker=65536"
    "memorysetup-temp-allocator-size-cloud-worker=32768"
    "memorysetup-temp-allocator-size-gi-baking-worker=262144"
    "memorysetup-temp-allocator-size-gfx=262144"
Player connection [32492]  Target information:

Player connection [32492]  * "[IP] 10.5.0.2 [Port] 0 [Flags] 2 [Guid] 2359493203 [EditorId] 2359493203 [Version] 1048832 [Id] WindowsEditor(7,DESKTOP-9USPC6C) [Debug] 1 [PackageName] WindowsEditor [ProjectName] Editor" 

Player connection [32492]  * "[IP] 192.168.1.41 [Port] 0 [Flags] 2 [Guid] 2359493203 [EditorId] 2359493203 [Version] 1048832 [Id] WindowsEditor(7,DESKTOP-9USPC6C) [Debug] 1 [PackageName] WindowsEditor [ProjectName] Editor" 

Player connection [32492] Host joined multi-casting on [225.0.0.222:54997]...
Player connection [32492] Host joined alternative multi-casting on [225.0.0.222:34997]...
[PhysX] Initialized MultithreadedTaskDispatcher with 32 workers.
Refreshing native plugins compatible for Editor in 9.92 ms, found 3 plugins.
Preloading 0 native plugins for Editor in 0.00 ms.
Initialize engine version: 2022.3.48f1 (8bf49c377ebf)
[Subsystems] Discovering subsystems at path C:/Program Files/Unity/Hub/Editor/2022.3.48f1/Editor/Data/Resources/UnitySubsystems
[Subsystems] Discovering subsystems at path C:/Users/r34su/Desktop/UnityProjects/ChainOfSteel/Assets
GfxDevice: creating device client; threaded=0; jobified=0
Direct3D:
    Version:  Direct3D 11.0 [level 11.1]
    Renderer: NVIDIA GeForce RTX 3090 (ID=0x2204)
    Vendor:   NVIDIA
    VRAM:     24326 MB
    Driver:   32.0.15.6603
Initialize mono
Mono path[0] = 'C:/Program Files/Unity/Hub/Editor/2022.3.48f1/Editor/Data/Managed'
Mono path[1] = 'C:/Program Files/Unity/Hub/Editor/2022.3.48f1/Editor/Data/MonoBleedingEdge/lib/mono/unityjit-win32'
Mono config path = 'C:/Program Files/Unity/Hub/Editor/2022.3.48f1/Editor/Data/MonoBleedingEdge/etc'
Using monoOptions --debugger-agent=transport=dt_socket,embedding=1,server=y,suspend=n,address=127.0.0.1:56488
Begin MonoManager ReloadAssembly
Registering precompiled unity dll's ...
Register platform support module: C:/Program Files/Unity/Hub/Editor/2022.3.48f1/Editor/Data/PlaybackEngines/WebGLSupport/UnityEditor.WebGL.Extensions.dll
Register platform support module: C:/Program Files/Unity/Hub/Editor/2022.3.48f1/Editor/Data/PlaybackEngines/AndroidPlayer/UnityEditor.Android.Extensions.dll
Register platform support module: C:/Program Files/Unity/Hub/Editor/2022.3.48f1/Editor/Data/PlaybackEngines/iOSSupport/UnityEditor.iOS.Extensions.dll
Register platform support module: C:/Program Files/Unity/Hub/Editor/2022.3.48f1/Editor/Data/PlaybackEngines/WindowsStandaloneSupport/UnityEditor.WindowsStandalone.Extensions.dll
Registered in 0.013914 seconds.
- Loaded All Assemblies, in  0.346 seconds
Native extension for WindowsStandalone target not found
[usbmuxd] Start listen thread
[usbmuxd] Listen thread started
Native extension for iOS target not found
Native extension for Android target not found
Android Extension - Scanning For ADB Devices 250 ms
Native extension for WebGL target not found
Mono: successfully reloaded assembly
- Finished resetting the current domain, in  0.553 seconds
Domain Reload Profiling: 897ms
	BeginReloadAssembly (103ms)
		ExecutionOrderSort (0ms)
		DisableScriptedObjects (0ms)
		BackupInstance (0ms)
		ReleaseScriptingObjects (0ms)
		CreateAndSetChildDomain (1ms)
	RebuildCommonClasses (31ms)
	RebuildNativeTypeToScriptingClass (10ms)
	initialDomainReloadingComplete (64ms)
	LoadAllAssembliesAndSetupDomain (136ms)
		LoadAssemblies (101ms)
		RebuildTransferFunctionScriptingTraits (0ms)
		AnalyzeDomain (133ms)
			TypeCache.Refresh (132ms)
				TypeCache.ScanAssembly (120ms)
			ScanForSourceGeneratedMonoScriptInfo (0ms)
			ResolveRequiredComponents (0ms)
	FinalizeReload (553ms)
		ReleaseScriptCaches (0ms)
		RebuildScriptCaches (0ms)
		SetupLoadedEditorAssemblies (511ms)
			LogAssemblyErrors (0ms)
			InitializePlatformSupportModulesInManaged (341ms)
			SetLoadedEditorAssemblies (4ms)
			RefreshPlugins (0ms)
			BeforeProcessingInitializeOnLoad (2ms)
			ProcessInitializeOnLoadAttributes (122ms)
			ProcessInitializeOnLoadMethodAttributes (42ms)
			AfterProcessingInitializeOnLoad (0ms)
			EditorAssembliesLoaded (0ms)
		ExecutionOrderSort2 (0ms)
		AwakeInstancesAfterBackupRestoration (0ms)
========================================================================
Worker process is ready to serve import requests
Caller must complete domain reload
Begin MonoManager ReloadAssembly
- Loaded All Assemblies, in  0.589 seconds
Native extension for WindowsStandalone target not found
Native extension for iOS target not found
Native extension for Android target not found
Native extension for WebGL target not found
Mono: successfully reloaded assembly
- Finished resetting the current domain, in  0.544 seconds
Domain Reload Profiling: 1129ms
	BeginReloadAssembly (138ms)
		ExecutionOrderSort (0ms)
		DisableScriptedObjects (5ms)
		BackupInstance (0ms)
		ReleaseScriptingObjects (0ms)
		CreateAndSetChildDomain (20ms)
	RebuildCommonClasses (30ms)
	RebuildNativeTypeToScriptingClass (10ms)
	initialDomainReloadingComplete (41ms)
	LoadAllAssembliesAndSetupDomain (365ms)
		LoadAssemblies (276ms)
		RebuildTransferFunctionScriptingTraits (0ms)
		AnalyzeDomain (169ms)
			TypeCache.Refresh (149ms)
				TypeCache.ScanAssembly (133ms)
			ScanForSourceGeneratedMonoScriptInfo (14ms)
			ResolveRequiredComponents (4ms)
	FinalizeReload (544ms)
		ReleaseScriptCaches (0ms)
		RebuildScriptCaches (0ms)
		SetupLoadedEditorAssemblies (412ms)
			LogAssemblyErrors (0ms)
			InitializePlatformSupportModulesInManaged (34ms)
			SetLoadedEditorAssemblies (3ms)
			RefreshPlugins (0ms)
			BeforeProcessingInitializeOnLoad (58ms)
			ProcessInitializeOnLoadAttributes (286ms)
			ProcessInitializeOnLoadMethodAttributes (22ms)
			AfterProcessingInitializeOnLoad (9ms)
			EditorAssembliesLoaded (0ms)
		ExecutionOrderSort2 (0ms)
		AwakeInstancesAfterBackupRestoration (6ms)
Launched and connected shader compiler UnityShaderCompiler.exe after 0.04 seconds
Refreshing native plugins compatible for Editor in 4.29 ms, found 3 plugins.
Preloading 0 native plugins for Editor in 0.00 ms.
Unloading 3121 Unused Serialized files (Serialized files now loaded: 0)
Unloading 19 unused Assets / (54.5 KB). Loaded Objects now: 3590.
Memory consumption went from 120.0 MB to 119.9 MB.
Total: 3.422100 ms (FindLiveObjects: 0.212600 ms CreateObjectMapping: 0.117600 ms MarkObjects: 2.996300 ms  DeleteObjects: 0.094800 ms)

AssetImportParameters requested are different than current active one (requested -> active):
  custom:container-demuxer-ogg: 62fdf1f143b41e24485cea50d1cbac27 -> 
  custom:video-decoder-ogg-theora: a1e56fd34408186e4bbccfd4996cb3dc -> 
  custom:framework-win-MediaFoundation: 216162199b28c13a410421893ffa2e32 -> 
  custom:CustomObjectIndexerAttribute: 9a22284fe3817be447336de3de66b15e -> 
  custom:container-demuxer-webm: 4f35f7cbe854078d1ac9338744f61a02 -> 
  custom:container-muxer-webm: aa71ff27fc2769a1b78a27578f13a17b -> 
  custom:video-decoder-webm-vp8: 9c59270c3fd7afecdb556c50c9e8de78 -> 
  custom:SearchIndexIgnoredProperties: e643bd26f0fe6173181afceb89e7c659 -> 
  custom:AudioImporter_EditorPlatform: d09bf68614088b80899f8185d706f6e7 -> 
  custom:video-encoder-webm-vp8: eb34c28f22e8b96e1ab97ce403110664 -> 
  custom:audio-decoder-ogg-vorbis: bf7c407c2cedff20999df2af8eb42d56 -> 
  custom:audio-encoder-webm-vorbis: bf7c407c2cedff20999df2af8eb42d56 -> 
========================================================================
Received Import Request.
  Time since last request: 27739.194841 seconds.
  path: Assets/Graphic/UI/Button/Hover[
  artifactKey: Guid(64b2a1957bc7a4e4786a43c6c1189a28) Importer(815301076,1909f56bfc062723c751e8b465ee728b)
Start importing Assets/Graphic/UI/Button/Hover[ using Guid(64b2a1957bc7a4e4786a43c6c1189a28) Importer(815301076,1909f56bfc062723c751e8b465ee728b) [PhysX] Initialized MultithreadedTaskDispatcher with 32 workers.
 -> (artifact id: '1601f7a3b20f1689f1faa2a6cf670ccb') in 0.002868 seconds
Number of updated asset objects reloaded before import = 0
Number of asset objects unloaded after import = 0
========================================================================
Received Import Request.
  Time since last request: 2.249029 seconds.
  path: Assets/Graphic/UI/Button/Hover
  artifactKey: Guid(64b2a1957bc7a4e4786a43c6c1189a28) Importer(815301076,1909f56bfc062723c751e8b465ee728b)
Start importing Assets/Graphic/UI/Button/Hover using Guid(64b2a1957bc7a4e4786a43c6c1189a28) Importer(815301076,1909f56bfc062723c751e8b465ee728b) [PhysX] Initialized MultithreadedTaskDispatcher with 32 workers.
 -> (artifact id: '54b8d57a1cf0017008ea1d75de03877f') in 0.000473 seconds
Number of updated asset objects reloaded before import = 0
Number of asset objects unloaded after import = 0
========================================================================
Received Import Request.
  Time since last request: 6.736272 seconds.
  path: Assets/Graphic/UI/Button/Click
  artifactKey: Guid(8690242f87956814b9286bb37412fcd5) Importer(815301076,1909f56bfc062723c751e8b465ee728b)
Start importing Assets/Graphic/UI/Button/Click using Guid(8690242f87956814b9286bb37412fcd5) Importer(815301076,1909f56bfc062723c751e8b465ee728b) [PhysX] Initialized MultithreadedTaskDispatcher with 32 workers.
 -> (artifact id: 'ceea6fac61f13cb270a6caa7a955b809') in 0.000500 seconds
Number of updated asset objects reloaded before import = 0
Number of asset objects unloaded after import = 0
========================================================================
Received Import Request.
  Time since last request: 40.142194 seconds.
  path: Assets/Graphic/UI/Button/Click/Button_Blue.png
  artifactKey: Guid(348a42015c621494581f49e959e11bfe) Importer(815301076,1909f56bfc062723c751e8b465ee728b)
Start importing Assets/Graphic/UI/Button/Click/Button_Blue.png using Guid(348a42015c621494581f49e959e11bfe) Importer(815301076,1909f56bfc062723c751e8b465ee728b) [PhysX] Initialized MultithreadedTaskDispatcher with 32 workers.
[PhysX] Initialized MultithreadedTaskDispatcher with 32 workers.
 -> (artifact id: '8b22e345e8d6bc85deaefedae8ca26e2') in 0.047304 seconds
Number of updated asset objects reloaded before import = 0
Number of asset objects unloaded after import = 2
========================================================================
Received Import Request.
  Time since last request: 5.787854 seconds.
  path: Assets/Graphic/UI/Button/Click/Button_Green.png
  artifactKey: Guid(cf71c97ebff547c4e865878bbd5f2d1c) Importer(815301076,1909f56bfc062723c751e8b465ee728b)
Start importing Assets/Graphic/UI/Button/Click/Button_Green.png using Guid(cf71c97ebff547c4e865878bbd5f2d1c) Importer(815301076,1909f56bfc062723c751e8b465ee728b) [PhysX] Initialized MultithreadedTaskDispatcher with 32 workers.
[PhysX] Initialized MultithreadedTaskDispatcher with 32 workers.
 -> (artifact id: 'b0ea9455a35ab8165afecc8b07460738') in 0.006707 seconds
Number of updated asset objects reloaded before import = 0
Number of asset objects unloaded after import = 2
========================================================================
Received Import Request.
  Time since last request: 7.323501 seconds.
  path: Assets/Graphic/UI/Button/Click/Button_Oranger.png
  artifactKey: Guid(7ea2c988c85480a4c932aacdaf6ff6ad) Importer(815301076,1909f56bfc062723c751e8b465ee728b)
Start importing Assets/Graphic/UI/Button/Click/Button_Oranger.png using Guid(7ea2c988c85480a4c932aacdaf6ff6ad) Importer(815301076,1909f56bfc062723c751e8b465ee728b) [PhysX] Initialized MultithreadedTaskDispatcher with 32 workers.
[PhysX] Initialized MultithreadedTaskDispatcher with 32 workers.
 -> (artifact id: '91f1bcfdf113f1cdce7dbcabaef5c76d') in 0.008299 seconds
Number of updated asset objects reloaded before import = 0
Number of asset objects unloaded after import = 2
========================================================================
Received Import Request.
  Time since last request: 125.141320 seconds.
  path: Assets/Graphic/UI/window_02_01.png
  artifactKey: Guid(3db9f90a46412a641a29fd69bab99e7a) Importer(815301076,1909f56bfc062723c751e8b465ee728b)
Start importing Assets/Graphic/UI/window_02_01.png using Guid(3db9f90a46412a641a29fd69bab99e7a) Importer(815301076,1909f56bfc062723c751e8b465ee728b) [PhysX] Initialized MultithreadedTaskDispatcher with 32 workers.
[PhysX] Initialized MultithreadedTaskDispatcher with 32 workers.
 -> (artifact id: '86f46927d0d30fbe877750154db3a2a6') in 0.016867 seconds
Number of updated asset objects reloaded before import = 0
Number of asset objects unloaded after import = 2
========================================================================
Received Import Request.
  Time since last request: 0.000021 seconds.
  path: Assets/Graphic/UI/window_02_03.png
  artifactKey: Guid(bafe47f4f79399a4eb44264355f1d2b8) Importer(815301076,1909f56bfc062723c751e8b465ee728b)
Start importing Assets/Graphic/UI/window_02_03.png using Guid(bafe47f4f79399a4eb44264355f1d2b8) Importer(815301076,1909f56bfc062723c751e8b465ee728b) [PhysX] Initialized MultithreadedTaskDispatcher with 32 workers.
[PhysX] Initialized MultithreadedTaskDispatcher with 32 workers.
 -> (artifact id: '7e5efc5983fa27bb1ff937236d0bc78c') in 0.019226 seconds
Number of updated asset objects reloaded before import = 0
Number of asset objects unloaded after import = 2
========================================================================
Received Import Request.
  Time since last request: 32.419008 seconds.
  path: Assets/Graphic/UI/Window/Message/Message_Window.png
  artifactKey: Guid(9a452ca185b66434b8ba311cd91951eb) Importer(815301076,1909f56bfc062723c751e8b465ee728b)
Start importing Assets/Graphic/UI/Window/Message/Message_Window.png using Guid(9a452ca185b66434b8ba311cd91951eb) Importer(815301076,1909f56bfc062723c751e8b465ee728b) [PhysX] Initialized MultithreadedTaskDispatcher with 32 workers.
[PhysX] Initialized MultithreadedTaskDispatcher with 32 workers.
 -> (artifact id: '9a96fa9fa3034539c870c699c32b2a12') in 0.007226 seconds
Number of updated asset objects reloaded before import = 0
Number of asset objects unloaded after import = 2
========================================================================
Received Import Request.
  Time since last request: 8.307848 seconds.
  path: Assets/Graphic/UI/Window/InfoMessage
  artifactKey: Guid(24a30ffba3a62fe42aa0c5098de146a2) Importer(815301076,1909f56bfc062723c751e8b465ee728b)
Start importing Assets/Graphic/UI/Window/InfoMessage using Guid(24a30ffba3a62fe42aa0c5098de146a2) Importer(815301076,1909f56bfc062723c751e8b465ee728b) [PhysX] Initialized MultithreadedTaskDispatcher with 32 workers.
 -> (artifact id: 'fdf48b8372156762d567c74762a44e8b') in 0.000601 seconds
Number of updated asset objects reloaded before import = 0
Number of asset objects unloaded after import = 0
========================================================================
Received Import Request.
  Time since last request: 106.290068 seconds.
  path: Assets/Graphic/BackGround/background.png
  artifactKey: Guid(6a958df0a86ca3e4285bc1eda2a5d899) Importer(815301076,1909f56bfc062723c751e8b465ee728b)
Start importing Assets/Graphic/BackGround/background.png using Guid(6a958df0a86ca3e4285bc1eda2a5d899) Importer(815301076,1909f56bfc062723c751e8b465ee728b) [PhysX] Initialized MultithreadedTaskDispatcher with 32 workers.
[PhysX] Initialized MultithreadedTaskDispatcher with 32 workers.
 -> (artifact id: '4e61e5c769e9c01fa360192a123bfc43') in 0.016098 seconds
Number of updated asset objects reloaded before import = 0
Number of asset objects unloaded after import = 2
========================================================================
Received Import Request.
  Time since last request: 8.000986 seconds.
  path: Assets/Graphic/BackGround/CommonScene.png
  artifactKey: Guid(6a958df0a86ca3e4285bc1eda2a5d899) Importer(815301076,1909f56bfc062723c751e8b465ee728b)
Start importing Assets/Graphic/BackGround/CommonScene.png using Guid(6a958df0a86ca3e4285bc1eda2a5d899) Importer(815301076,1909f56bfc062723c751e8b465ee728b) [PhysX] Initialized MultithreadedTaskDispatcher with 32 workers.
[PhysX] Initialized MultithreadedTaskDispatcher with 32 workers.
 -> (artifact id: '8946b30898ec46d762557557ec6a7823') in 0.007753 seconds
Number of updated asset objects reloaded before import = 0
Number of asset objects unloaded after import = 2
========================================================================
Received Import Request.
  Time since last request: 126.440447 seconds.
  path: Assets/Graphic/UI/Header
  artifactKey: Guid(7cc4a0c76bd894b4884499c65b8a2bf3) Importer(815301076,1909f56bfc062723c751e8b465ee728b)
Start importing Assets/Graphic/UI/Header using Guid(7cc4a0c76bd894b4884499c65b8a2bf3) Importer(815301076,1909f56bfc062723c751e8b465ee728b) [PhysX] Initialized MultithreadedTaskDispatcher with 32 workers.
 -> (artifact id: '4c89676ba0c4d3d542d98e04516a901b') in 0.000583 seconds
Number of updated asset objects reloaded before import = 0
Number of asset objects unloaded after import = 0
========================================================================
Received Import Request.
  Time since last request: 5.062005 seconds.
  path: Assets/Graphic/UI/header_bg_03_01.png
  artifactKey: Guid(f64cae4c6c8c54c46aff9062e6a59124) Importer(815301076,1909f56bfc062723c751e8b465ee728b)
Start importing Assets/Graphic/UI/header_bg_03_01.png using Guid(f64cae4c6c8c54c46aff9062e6a59124) Importer(815301076,1909f56bfc062723c751e8b465ee728b) [PhysX] Initialized MultithreadedTaskDispatcher with 32 workers.
[PhysX] Initialized MultithreadedTaskDispatcher with 32 workers.
 -> (artifact id: 'bf7d2db637950c83b80d7b07ab935094') in 0.015104 seconds
Number of updated asset objects reloaded before import = 0
Number of asset objects unloaded after import = 2
========================================================================
Received Import Request.
  Time since last request: 0.000015 seconds.
  path: Assets/Graphic/UI/header_bg_03_03.png
  artifactKey: Guid(2f922e19ea2695744905c28e5b0353ba) Importer(815301076,1909f56bfc062723c751e8b465ee728b)
Start importing Assets/Graphic/UI/header_bg_03_03.png using Guid(2f922e19ea2695744905c28e5b0353ba) Importer(815301076,1909f56bfc062723c751e8b465ee728b) [PhysX] Initialized MultithreadedTaskDispatcher with 32 workers.
[PhysX] Initialized MultithreadedTaskDispatcher with 32 workers.
 -> (artifact id: 'aa54f079cb2ea7ffffe13fc18d3eb005') in 0.012021 seconds
Number of updated asset objects reloaded before import = 0
Number of asset objects unloaded after import = 2
========================================================================
Received Import Request.
  Time since last request: 12.206581 seconds.
  path: Assets/Graphic/UI/Header/Header_blue.png
  artifactKey: Guid(f64cae4c6c8c54c46aff9062e6a59124) Importer(815301076,1909f56bfc062723c751e8b465ee728b)
Start importing Assets/Graphic/UI/Header/Header_blue.png using Guid(f64cae4c6c8c54c46aff9062e6a59124) Importer(815301076,1909f56bfc062723c751e8b465ee728b) [PhysX] Initialized MultithreadedTaskDispatcher with 32 workers.
[PhysX] Initialized MultithreadedTaskDispatcher with 32 workers.
 -> (artifact id: '816310b7edd17d7333ea9d21e5d2457d') in 0.007767 seconds
Number of updated asset objects reloaded before import = 0
Number of asset objects unloaded after import = 2
========================================================================
Received Import Request.
  Time since last request: 7.258832 seconds.
  path: Assets/Graphic/UI/Header/Header_Oranger.png
  artifactKey: Guid(c0ed1455d2440d74fa92eb9e1d6ee73e) Importer(815301076,1909f56bfc062723c751e8b465ee728b)
Start importing Assets/Graphic/UI/Header/Header_Oranger.png using Guid(c0ed1455d2440d74fa92eb9e1d6ee73e) Importer(815301076,1909f56bfc062723c751e8b465ee728b) [PhysX] Initialized MultithreadedTaskDispatcher with 32 workers.
[PhysX] Initialized MultithreadedTaskDispatcher with 32 workers.
 -> (artifact id: '98819f682bab911d877f4ca236f4c3cc') in 0.009649 seconds
Number of updated asset objects reloaded before import = 0
Number of asset objects unloaded after import = 2
========================================================================
Received Import Request.
  Time since last request: 8.300137 seconds.
  path: Assets/Graphic/UI/Header/Header_Green.png
  artifactKey: Guid(2f922e19ea2695744905c28e5b0353ba) Importer(815301076,1909f56bfc062723c751e8b465ee728b)
Start importing Assets/Graphic/UI/Header/Header_Green.png using Guid(2f922e19ea2695744905c28e5b0353ba) Importer(815301076,1909f56bfc062723c751e8b465ee728b) [PhysX] Initialized MultithreadedTaskDispatcher with 32 workers.
[PhysX] Initialized MultithreadedTaskDispatcher with 32 workers.
 -> (artifact id: 'daef67d9ff7754d9e853f9519075d05c') in 0.006219 seconds
Number of updated asset objects reloaded before import = 0
Number of asset objects unloaded after import = 2
========================================================================
Received Import Request.
  Time since last request: 196.219810 seconds.
  path: Assets/Graphic/Font
  artifactKey: Guid(2860bc8acfa9e8140b9a099402a3d447) Importer(815301076,1909f56bfc062723c751e8b465ee728b)
Start importing Assets/Graphic/Font using Guid(2860bc8acfa9e8140b9a099402a3d447) Importer(815301076,1909f56bfc062723c751e8b465ee728b) [PhysX] Initialized MultithreadedTaskDispatcher with 32 workers.
 -> (artifact id: '13e7d53cc4c4749d8e0a21ab4de98d24') in 0.000659 seconds
Number of updated asset objects reloaded before import = 0
Number of asset objects unloaded after import = 0
========================================================================
Received Import Request.
  Time since last request: 36.526378 seconds.
  path: Assets/Graphic/SoukouMincho.ttf
  artifactKey: Guid(cac8c5f94ce2664478546ecc6c427d75) Importer(815301076,1909f56bfc062723c751e8b465ee728b)
Start importing Assets/Graphic/SoukouMincho.ttf using Guid(cac8c5f94ce2664478546ecc6c427d75) Importer(815301076,1909f56bfc062723c751e8b465ee728b) [PhysX] Initialized MultithreadedTaskDispatcher with 32 workers.
[PhysX] Initialized MultithreadedTaskDispatcher with 32 workers.
[PhysX] Initialized MultithreadedTaskDispatcher with 32 workers.
 -> (artifact id: '85e5b59af20a914879f6f7f01cb39749') in 0.080934 seconds
Number of updated asset objects reloaded before import = 0
Number of asset objects unloaded after import = 4
========================================================================
Received Import Request.
  Time since last request: 9.919158 seconds.
  path: Assets/Graphic/瀞ノグリッチ黒体H1.otf
  artifactKey: Guid(719a4e584c9baad4ba0ad3ef624da95f) Importer(815301076,1909f56bfc062723c751e8b465ee728b)
Start importing Assets/Graphic/瀞ノグリッチ黒体H1.otf using Guid(719a4e584c9baad4ba0ad3ef624da95f) Importer(815301076,1909f56bfc062723c751e8b465ee728b) [PhysX] Initialized MultithreadedTaskDispatcher with 32 workers.
[PhysX] Initialized MultithreadedTaskDispatcher with 32 workers.
[PhysX] Initialized MultithreadedTaskDispatcher with 32 workers.
 -> (artifact id: 'e1517c2ee630aa813c9018a067a79869') in 0.014662 seconds
Number of updated asset objects reloaded before import = 0
Number of asset objects unloaded after import = 4
========================================================================
Received Import Request.
  Time since last request: 3.190136 seconds.
  path: Assets/Graphic/瀞ノグリッチ明朝H1.otf
  artifactKey: Guid(89e34b578f675ff46bb20be8fa3724cd) Importer(815301076,1909f56bfc062723c751e8b465ee728b)
Start importing Assets/Graphic/瀞ノグリッチ明朝H1.otf using Guid(89e34b578f675ff46bb20be8fa3724cd) Importer(815301076,1909f56bfc062723c751e8b465ee728b) [PhysX] Initialized MultithreadedTaskDispatcher with 32 workers.
[PhysX] Initialized MultithreadedTaskDispatcher with 32 workers.
[PhysX] Initialized MultithreadedTaskDispatcher with 32 workers.
 -> (artifact id: '296110f3c05e5349aeb16881e41b3086') in 0.018146 seconds
Number of updated asset objects reloaded before import = 0
Number of asset objects unloaded after import = 4
========================================================================
Received Import Request.
  Time since last request: 238.988021 seconds.
  path: Assets/Graphic/Font/SoukouMincho SDF.asset
  artifactKey: Guid(5fee5b3272830f14fafaed251d66a7d5) Importer(815301076,1909f56bfc062723c751e8b465ee728b)
Start importing Assets/Graphic/Font/SoukouMincho SDF.asset using Guid(5fee5b3272830f14fafaed251d66a7d5) Importer(815301076,1909f56bfc062723c751e8b465ee728b) [PhysX] Initialized MultithreadedTaskDispatcher with 32 workers.
Shader 'TextMeshPro/Distance Field': fallback shader 'TextMeshPro/Mobile/Distance Field' not found
[PhysX] Initialized MultithreadedTaskDispatcher with 32 workers.
[PhysX] Initialized MultithreadedTaskDispatcher with 32 workers.
 -> (artifact id: '00d7b24a15ea8e17c50e3df7ef62f411') in 0.330561 seconds
Number of updated asset objects reloaded before import = 0
Number of asset objects unloaded after import = 7
========================================================================
Received Import Request.
  Time since last request: 65.050952 seconds.
  path: Assets/Graphic/UI/Window/Message/Message_Window.png
  artifactKey: Guid(9a452ca185b66434b8ba311cd91951eb) Importer(815301076,1909f56bfc062723c751e8b465ee728b)
Start importing Assets/Graphic/UI/Window/Message/Message_Window.png using Guid(9a452ca185b66434b8ba311cd91951eb) Importer(815301076,1909f56bfc062723c751e8b465ee728b) [PhysX] Initialized MultithreadedTaskDispatcher with 32 workers.
[PhysX] Initialized MultithreadedTaskDispatcher with 32 workers.
 -> (artifact id: '533023321a1cd3ce06e89b463f025689') in 0.025750 seconds
Number of updated asset objects reloaded before import = 0
Number of asset objects unloaded after import = 3
========================================================================
Received Import Request.
  Time since last request: 94.313122 seconds.
  path: Assets/FOnt
  artifactKey: Guid(3a45df710fa0a0348ad371fd8baf4b63) Importer(815301076,1909f56bfc062723c751e8b465ee728b)
Start importing Assets/FOnt using Guid(3a45df710fa0a0348ad371fd8baf4b63) Importer(815301076,1909f56bfc062723c751e8b465ee728b) [PhysX] Initialized MultithreadedTaskDispatcher with 32 workers.
 -> (artifact id: '40f925af452d4d26358408333b62cea9') in 0.000663 seconds
Number of updated asset objects reloaded before import = 0
Number of asset objects unloaded after import = 0
========================================================================
Received Import Request.
  Time since last request: 4.373672 seconds.
  path: Assets/Font
  artifactKey: Guid(3a45df710fa0a0348ad371fd8baf4b63) Importer(815301076,1909f56bfc062723c751e8b465ee728b)
Start importing Assets/Font using Guid(3a45df710fa0a0348ad371fd8baf4b63) Importer(815301076,1909f56bfc062723c751e8b465ee728b) [PhysX] Initialized MultithreadedTaskDispatcher with 32 workers.
 -> (artifact id: '94f4d7a135f35dc6fd27ff56b82ad3a4') in 0.000506 seconds
Number of updated asset objects reloaded before import = 0
Number of asset objects unloaded after import = 0
========================================================================
Received Import Request.
  Time since last request: 45.293387 seconds.
  path: Assets/Font/SoukouMincho SDF.asset
  artifactKey: Guid(5fee5b3272830f14fafaed251d66a7d5) Importer(815301076,1909f56bfc062723c751e8b465ee728b)
Start importing Assets/Font/SoukouMincho SDF.asset using Guid(5fee5b3272830f14fafaed251d66a7d5) Importer(815301076,1909f56bfc062723c751e8b465ee728b) [PhysX] Initialized MultithreadedTaskDispatcher with 32 workers.
Shader 'TextMeshPro/Distance Field': fallback shader 'TextMeshPro/Mobile/Distance Field' not found
[PhysX] Initialized MultithreadedTaskDispatcher with 32 workers.
[PhysX] Initialized MultithreadedTaskDispatcher with 32 workers.
 -> (artifact id: 'f79fe9367a3c87900563cdf3f562d8cc') in 0.243763 seconds
Number of updated asset objects reloaded before import = 0
Number of asset objects unloaded after import = 7
========================================================================
Received Import Request.
  Time since last request: 31.668722 seconds.
  path: Assets/Font/SoukouMinchou
  artifactKey: Guid(788f6f1c00ba1614e8a7fe3d94c1345f) Importer(815301076,1909f56bfc062723c751e8b465ee728b)
Start importing Assets/Font/SoukouMinchou using Guid(788f6f1c00ba1614e8a7fe3d94c1345f) Importer(815301076,1909f56bfc062723c751e8b465ee728b) [PhysX] Initialized MultithreadedTaskDispatcher with 32 workers.
 -> (artifact id: 'c8d5278be88d1559aefa12bcebb17572') in 0.000811 seconds
Number of updated asset objects reloaded before import = 0
Number of asset objects unloaded after import = 0
========================================================================
Received Import Request.
  Time since last request: 5.980499 seconds.
  path: Assets/Font/SoukouMincho
  artifactKey: Guid(788f6f1c00ba1614e8a7fe3d94c1345f) Importer(815301076,1909f56bfc062723c751e8b465ee728b)
Start importing Assets/Font/SoukouMincho using Guid(788f6f1c00ba1614e8a7fe3d94c1345f) Importer(815301076,1909f56bfc062723c751e8b465ee728b) [PhysX] Initialized MultithreadedTaskDispatcher with 32 workers.
 -> (artifact id: '7a6958bdca1726add2cb16571ea7a7f9') in 0.000538 seconds
Number of updated asset objects reloaded before import = 0
Number of asset objects unloaded after import = 0
